exports[`CategoryContainer should return null on category missing 1`] = `null`;
